=======================================
   fplll 5.2.0: tests/test-suite.log
=======================================

# TOTAL: 10
# PASS:  10
# SKIP:  0
# XFAIL: 0
# FAIL:  0
# XPASS: 0
# ERROR: 0

.. contents:: :depth: 2

